Archive member included to satisfy reference by file (symbol)

d:/programs/embeddedbuilder_v1.3.9.22554/tools/gnu tools arm embedded/xpack-arm-none-eabi-gcc/9.2.1-1.1/bin/../lib/gcc/arm-none-eabi/9.2.1/thumb/v8-m.base/nofp\libgcc.a(_arm_cmpsf2.o)
                              ./firmware/GD32E23x_hal_peripheral/Source/gd32e23x_hal_pwmout.o (__aeabi_fcmplt)
d:/programs/embeddedbuilder_v1.3.9.22554/tools/gnu tools arm embedded/xpack-arm-none-eabi-gcc/9.2.1-1.1/bin/../lib/gcc/arm-none-eabi/9.2.1/thumb/v8-m.base/nofp\libgcc.a(_fixunssfsi.o)
                              ./firmware/GD32E23x_hal_peripheral/Source/gd32e23x_hal_pwmout.o (__aeabi_f2uiz)
d:/programs/embeddedbuilder_v1.3.9.22554/tools/gnu tools arm embedded/xpack-arm-none-eabi-gcc/9.2.1-1.1/bin/../lib/gcc/arm-none-eabi/9.2.1/thumb/v8-m.base/nofp\libgcc.a(divsf3.o)
                              ./firmware/GD32E23x_hal_peripheral/Source/gd32e23x_hal_pwmout.o (__aeabi_fdiv)
d:/programs/embeddedbuilder_v1.3.9.22554/tools/gnu tools arm embedded/xpack-arm-none-eabi-gcc/9.2.1-1.1/bin/../lib/gcc/arm-none-eabi/9.2.1/thumb/v8-m.base/nofp\libgcc.a(eqsf2.o)
                              d:/programs/embeddedbuilder_v1.3.9.22554/tools/gnu tools arm embedded/xpack-arm-none-eabi-gcc/9.2.1-1.1/bin/../lib/gcc/arm-none-eabi/9.2.1/thumb/v8-m.base/nofp\libgcc.a(_arm_cmpsf2.o) (__eqsf2)
d:/programs/embeddedbuilder_v1.3.9.22554/tools/gnu tools arm embedded/xpack-arm-none-eabi-gcc/9.2.1-1.1/bin/../lib/gcc/arm-none-eabi/9.2.1/thumb/v8-m.base/nofp\libgcc.a(gesf2.o)
                              d:/programs/embeddedbuilder_v1.3.9.22554/tools/gnu tools arm embedded/xpack-arm-none-eabi-gcc/9.2.1-1.1/bin/../lib/gcc/arm-none-eabi/9.2.1/thumb/v8-m.base/nofp\libgcc.a(_arm_cmpsf2.o) (__gesf2)
d:/programs/embeddedbuilder_v1.3.9.22554/tools/gnu tools arm embedded/xpack-arm-none-eabi-gcc/9.2.1-1.1/bin/../lib/gcc/arm-none-eabi/9.2.1/thumb/v8-m.base/nofp\libgcc.a(lesf2.o)
                              d:/programs/embeddedbuilder_v1.3.9.22554/tools/gnu tools arm embedded/xpack-arm-none-eabi-gcc/9.2.1-1.1/bin/../lib/gcc/arm-none-eabi/9.2.1/thumb/v8-m.base/nofp\libgcc.a(_arm_cmpsf2.o) (__lesf2)
d:/programs/embeddedbuilder_v1.3.9.22554/tools/gnu tools arm embedded/xpack-arm-none-eabi-gcc/9.2.1-1.1/bin/../lib/gcc/arm-none-eabi/9.2.1/thumb/v8-m.base/nofp\libgcc.a(mulsf3.o)
                              ./firmware/GD32E23x_hal_peripheral/Source/gd32e23x_hal_pwmout.o (__aeabi_fmul)
d:/programs/embeddedbuilder_v1.3.9.22554/tools/gnu tools arm embedded/xpack-arm-none-eabi-gcc/9.2.1-1.1/bin/../lib/gcc/arm-none-eabi/9.2.1/thumb/v8-m.base/nofp\libgcc.a(subsf3.o)
                              d:/programs/embeddedbuilder_v1.3.9.22554/tools/gnu tools arm embedded/xpack-arm-none-eabi-gcc/9.2.1-1.1/bin/../lib/gcc/arm-none-eabi/9.2.1/thumb/v8-m.base/nofp\libgcc.a(_fixunssfsi.o) (__aeabi_fsub)
d:/programs/embeddedbuilder_v1.3.9.22554/tools/gnu tools arm embedded/xpack-arm-none-eabi-gcc/9.2.1-1.1/bin/../lib/gcc/arm-none-eabi/9.2.1/thumb/v8-m.base/nofp\libgcc.a(fixsfsi.o)
                              d:/programs/embeddedbuilder_v1.3.9.22554/tools/gnu tools arm embedded/xpack-arm-none-eabi-gcc/9.2.1-1.1/bin/../lib/gcc/arm-none-eabi/9.2.1/thumb/v8-m.base/nofp\libgcc.a(_fixunssfsi.o) (__aeabi_f2iz)
d:/programs/embeddedbuilder_v1.3.9.22554/tools/gnu tools arm embedded/xpack-arm-none-eabi-gcc/9.2.1-1.1/bin/../lib/gcc/arm-none-eabi/9.2.1/thumb/v8-m.base/nofp\libgcc.a(floatsisf.o)
                              ./firmware/GD32E23x_hal_peripheral/Source/gd32e23x_hal_pwmout.o (__aeabi_i2f)
d:/programs/embeddedbuilder_v1.3.9.22554/tools/gnu tools arm embedded/xpack-arm-none-eabi-gcc/9.2.1-1.1/bin/../lib/gcc/arm-none-eabi/9.2.1/thumb/v8-m.base/nofp\libgcc.a(floatunsisf.o)
                              ./firmware/GD32E23x_hal_peripheral/Source/gd32e23x_hal_pwmout.o (__aeabi_ui2f)
d:/programs/embeddedbuilder_v1.3.9.22554/tools/gnu tools arm embedded/xpack-arm-none-eabi-gcc/9.2.1-1.1/bin/../lib/gcc/arm-none-eabi/9.2.1/thumb/v8-m.base/nofp\libgcc.a(_clzsi2.o)
                              d:/programs/embeddedbuilder_v1.3.9.22554/tools/gnu tools arm embedded/xpack-arm-none-eabi-gcc/9.2.1-1.1/bin/../lib/gcc/arm-none-eabi/9.2.1/thumb/v8-m.base/nofp\libgcc.a(divsf3.o) (__clzsi2)
d:/programs/embeddedbuilder_v1.3.9.22554/tools/gnu tools arm embedded/xpack-arm-none-eabi-gcc/9.2.1-1.1/bin/../lib/gcc/arm-none-eabi/9.2.1/../../../../arm-none-eabi/lib/thumb/v8-m.base/nofp\libg_nano.a(lib_a-exit.o)
                              d:/programs/embeddedbuilder_v1.3.9.22554/tools/gnu tools arm embedded/xpack-arm-none-eabi-gcc/9.2.1-1.1/bin/../lib/gcc/arm-none-eabi/9.2.1/../../../../arm-none-eabi/lib/thumb/v8-m.base/nofp/crt0.o (exit)
d:/programs/embeddedbuilder_v1.3.9.22554/tools/gnu tools arm embedded/xpack-arm-none-eabi-gcc/9.2.1-1.1/bin/../lib/gcc/arm-none-eabi/9.2.1/../../../../arm-none-eabi/lib/thumb/v8-m.base/nofp\libg_nano.a(lib_a-impure.o)
[...]
Memory Configuration

Name             Origin             Length             Attributes
FLASH            0x08000000         0x00010000         xr
RAM              0x20000000         0x00002000         xrw
*default*        0x00000000         0xffffffff

Linker script and memory map

LOAD d:/programs/embeddedbuilder_v1.3.9.22554/tools/gnu tools arm embedded/xpack-arm-none-eabi-gcc/9.2.1-1.1/bin/../lib/gcc/arm-none-eabi/9.2.1/thumb/v8-m.base/nofp/crti.o
LOAD d:/programs/embeddedbuilder_v1.3.9.22554/tools/gnu tools arm embedded/xpack-arm-none-eabi-gcc/9.2.1-1.1/bin/../lib/gcc/arm-none-eabi/9.2.1/thumb/v8-m.base/nofp/crtbegin.o
LOAD d:/programs/embeddedbuilder_v1.3.9.22554/tools/gnu tools arm embedded/xpack-arm-none-eabi-gcc/9.2.1-1.1/bin/../lib/gcc/arm-none-eabi/9.2.1/../../../../arm-none-eabi/lib/thumb/v8-m.base/nofp/crt0.o
LOAD ./src/gd32e23x_hal_init.o
LOAD ./src/gd32e23x_hal_it.o
LOAD ./src/main.o
LOAD ./firmware/cmsis/src/syscalls.o
LOAD ./firmware/cmsis/src/system_gd32e23x.o
LOAD ./firmware/cmsis/gcc_startup/startup_gd32e23x.o
LOAD ./firmware/GD32E23x_standard_peripheral/Source/gd32e23x_adc.o
LOAD ./firmware/GD32E23x_standard_peripheral/Source/gd32e23x_cmp.o
LOAD ./firmware/GD32E23x_standard_peripheral/Source/gd32e23x_crc.o
LOAD ./firmware/GD32E23x_standard_peripheral/Source/gd32e23x_dbg.o
LOAD ./firmware/GD32E23x_standard_peripheral/Source/gd32e23x_dma.o
LOAD ./firmware/GD32E23x_standard_peripheral/Source/gd32e23x_exti.o
LOAD ./firmware/GD32E23x_standard_peripheral/Source/gd32e23x_fmc.o
LOAD ./firmware/GD32E23x_standard_peripheral/Source/gd32e23x_fwdgt.o
LOAD ./firmware/GD32E23x_standard_peripheral/Source/gd32e23x_gpio.o
LOAD ./firmware/GD32E23x_standard_peripheral/Source/gd32e23x_i2c.o
LOAD ./firmware/GD32E23x_standard_peripheral/Source/gd32e23x_misc.o
LOAD ./firmware/GD32E23x_standard_peripheral/Source/gd32e23x_pmu.o
LOAD ./firmware/GD32E23x_standard_peripheral/Source/gd32e23x_rcu.o
LOAD ./firmware/GD32E23x_standard_peripheral/Source/gd32e23x_rtc.o
LOAD ./firmware/GD32E23x_standard_peripheral/Source/gd32e23x_spi.o
LOAD ./firmware/GD32E23x_standard_peripheral/Source/gd32e23x_syscfg.o
LOAD ./firmware/GD32E23x_standard_peripheral/Source/gd32e23x_timer.o
LOAD ./firmware/GD32E23x_standard_peripheral/Source/gd32e23x_usart.o
LOAD ./firmware/GD32E23x_standard_peripheral/Source/gd32e23x_wwdgt.o
LOAD ./firmware/GD32E23x_hal_peripheral/Source/gd32e23x_hal_adc.o
LOAD ./firmware/GD32E23x_hal_peripheral/Source/gd32e23x_hal_basetick.o
LOAD ./firmware/GD32E23x_hal_peripheral/Source/gd32e23x_hal_cmp.o
LOAD ./firmware/GD32E23x_hal_peripheral/Source/gd32e23x_hal_crc.o
LOAD ./firmware/GD32E23x_hal_peripheral/Source/gd32e23x_hal_dma.o
LOAD ./firmware/GD32E23x_hal_peripheral/Source/gd32e23x_hal_exti.o
LOAD ./firmware/GD32E23x_hal_peripheral/Source/gd32e23x_hal_fmc.o
LOAD ./firmware/GD32E23x_hal_peripheral/Source/gd32e23x_hal_fwdgt.o
LOAD ./firmware/GD32E23x_hal_peripheral/Source/gd32e23x_hal_gpio.o
LOAD ./firmware/GD32E23x_hal_peripheral/Source/gd32e23x_hal_i2c.o
LOAD ./firmware/GD32E23x_hal_peripheral/Source/gd32e23x_hal_i2s.o
LOAD ./firmware/GD32E23x_hal_peripheral/Source/gd32e23x_hal_irda.o
LOAD ./firmware/GD32E23x_hal_peripheral/Source/gd32e23x_hal_nvic.o
LOAD ./firmware/GD32E23x_hal_peripheral/Source/gd32e23x_hal_pmu.o
LOAD ./firmware/GD32E23x_hal_peripheral/Source/gd32e23x_hal_pwmout.o
LOAD ./firmware/GD32E23x_hal_peripheral/Source/gd32e23x_hal_rcu.o
LOAD ./firmware/GD32E23x_hal_peripheral/Source/gd32e23x_hal_rtc.o
LOAD ./firmware/GD32E23x_hal_peripheral/Source/gd32e23x_hal_smartcard.o
LOAD ./firmware/GD32E23x_hal_peripheral/Source/gd32e23x_hal_smbus.o
LOAD ./firmware/GD32E23x_hal_peripheral/Source/gd32e23x_hal_spi.o
LOAD ./firmware/GD32E23x_hal_peripheral/Source/gd32e23x_hal_syscfg.o
LOAD ./firmware/GD32E23x_hal_peripheral/Source/gd32e23x_hal_timer.o
LOAD ./firmware/GD32E23x_hal_peripheral/Source/gd32e23x_hal_uart.o
LOAD ./firmware/GD32E23x_hal_peripheral/Source/gd32e23x_hal_usrt.o
LOAD ./firmware/GD32E23x_hal_peripheral/Source/gd32e23x_hal_wwdgt.o
START GROUP
LOAD d:/programs/embeddedbuilder_v1.3.9.22554/tools/gnu tools arm embedded/xpack-arm-none-eabi-gcc/9.2.1-1.1/bin/../lib/gcc/arm-none-eabi/9.2.1/thumb/v8-m.base/nofp\libgcc.a
LOAD d:/programs/embeddedbuilder_v1.3.9.22554/tools/gnu tools arm embedded/xpack-arm-none-eabi-gcc/9.2.1-1.1/bin/../lib/gcc/arm-none-eabi/9.2.1/../../../../arm-none-eabi/lib/thumb/v8-m.base/nofp\libg_nano.a
LOAD d:/programs/embeddedbuilder_v1.3.9.22554/tools/gnu tools arm embedded/xpack-arm-none-eabi-gcc/9.2.1-1.1/bin/../lib/gcc/arm-none-eabi/9.2.1/../../../../arm-none-eabi/lib/thumb/v8-m.base/nofp\libc_nano.a
END GROUP
START GROUP
LOAD d:/programs/embeddedbuilder_v1.3.9.22554/tools/gnu tools arm embedded/xpack-arm-none-eabi-gcc/9.2.1-1.1/bin/../lib/gcc/arm-none-eabi/9.2.1/thumb/v8-m.base/nofp\libgcc.a
LOAD d:/programs/embeddedbuilder_v1.3.9.22554/tools/gnu tools arm embedded/xpack-arm-none-eabi-gcc/9.2.1-1.1/bin/../lib/gcc/arm-none-eabi/9.2.1/../../../../arm-none-eabi/lib/thumb/v8-m.base/nofp\libc_nano.a
LOAD d:/programs/embeddedbuilder_v1.3.9.22554/tools/gnu tools arm embedded/xpack-arm-none-eabi-gcc/9.2.1-1.1/bin/../lib/gcc/arm-none-eabi/9.2.1/../../../../arm-none-eabi/lib/thumb/v8-m.base/nofp\libnosys.a
END GROUP
START GROUP
LOAD d:/programs/embeddedbuilder_v1.3.9.22554/tools/gnu tools arm embedded/xpack-arm-none-eabi-gcc/9.2.1-1.1/bin/../lib/gcc/arm-none-eabi/9.2.1/thumb/v8-m.base/nofp\libgcc.a
LOAD d:/programs/embeddedbuilder_v1.3.9.22554/tools/gnu tools arm embedded/xpack-arm-none-eabi-gcc/9.2.1-1.1/bin/../lib/gcc/arm-none-eabi/9.2.1/../../../../arm-none-eabi/lib/thumb/v8-m.base/nofp\libc_nano.a
LOAD d:/programs/embeddedbuilder_v1.3.9.22554/tools/gnu tools arm embedded/xpack-arm-none-eabi-gcc/9.2.1-1.1/bin/../lib/gcc/arm-none-eabi/9.2.1/../../../../arm-none-eabi/lib/thumb/v8-m.base/nofp\libnosys.a
END GROUP
LOAD d:/programs/embeddedbuilder_v1.3.9.22554/tools/gnu tools arm embedded/xpack-arm-none-eabi-gcc/9.2.1-1.1/bin/../lib/gcc/arm-none-eabi/9.2.1/thumb/v8-m.base/nofp/crtend.o
LOAD d:/programs/embeddedbuilder_v1.3.9.22554/tools/gnu tools arm embedded/xpack-arm-none-eabi-gcc/9.2.1-1.1/bin/../lib/gcc/arm-none-eabi/9.2.1/thumb/v8-m.base/nofp/crtn.o
                0x00000800                __stack_size = DEFINED (__stack_size)?__stack_size:0x800

.vectors        0x08000000       0xcc
                0x08000000                . = ALIGN (0x4)
 *(.vectors)
 .vectors       0x08000000       0xcc ./firmware/cmsis/gcc_startup/startup_gd32e23x.o
                0x08000000                __gVectors
                0x080000cc                . = ALIGN (0x4)
                0x080000cc                __Vectors_End = .
                0x080000cc                __Vectors_Size = (__Vectors_End - __gVectors)

.text           0x080000cc     0x4cb4
                0x080000cc                . = ALIGN (0x4)
 *(.text)
 *(.text*)
 .text.__do_global_dtors_aux
                0x080000cc       0x2c d:/programs/embeddedbuilder_v1.3.9.22554/tools/gnu tools arm embedded/xpack-arm-none-eabi-gcc/9.2.1-1.1/bin/../lib/gcc/arm-none-eabi/9.2.1/thumb/v8-m.base/nofp/crtbegin.o
 .text.frame_dummy
                0x080000f8       0x24 d:/programs/embeddedbuilder_v1.3.9.22554/tools/gnu tools arm embedded/xpack-arm-none-eabi-gcc/9.2.1-1.1/bin/../lib/gcc/arm-none-eabi/9.2.1/thumb/v8-m.base/nofp/crtbegin.o
 .text.msd_system_init
                0x0800011c       0x58 ./src/gd32e23x_hal_init.o
                0x0800011c                msd_system_init
 .text.msd_clock_init
                0x08000174       0xe6 ./src/gd32e23x_hal_init.o
                0x08000174                msd_clock_init
 .text.msd_gpio_init
                0x0800025a       0x6c ./src/gd32e23x_hal_init.o
                0x0800025a                msd_gpio_init
 .text.msd_adc_init
                0x080002c6       0xc0 ./src/gd32e23x_hal_init.o
                0x080002c6                msd_adc_init
 .text.msd_timer15_init
                0x08000386       0x7e ./src/gd32e23x_hal_init.o
                0x08000386                msd_timer15_init
 .text.msd_usart0_init
                0x08000404       0xe4 ./src/gd32e23x_hal_init.o
                0x08000404                msd_usart0_init
 .text.NMI_Handler
                0x080004e8        0xa ./src/gd32e23x_hal_it.o
                0x080004e8                NMI_Handler
 .text.HardFault_Handler
                0x080004f2        0x6 ./src/gd32e23x_hal_it.o
                0x080004f2                HardFault_Handler
 .text.SVC_Handler
                0x080004f8        0xa ./src/gd32e23x_hal_it.o
                0x080004f8                SVC_Handler
 .text.PendSV_Handler
                0x08000502        0xa ./src/gd32e23x_hal_it.o
                0x08000502                PendSV_Handler
 .text.SysTick_Handler
                0x0800050c        0xe ./src/gd32e23x_hal_it.o
                0x0800050c                SysTick_Handler
 .text.TIMER15_IRQHandler
                0x0800051a       0x18 ./src/gd32e23x_hal_it.o
                0x0800051a                TIMER15_IRQHandler
 .text.USART0_IRQHandler
                0x08000532       0x18 ./src/gd32e23x_hal_it.o
                0x08000532                USART0_IRQHandler
 .text.main     0x0800054a       0x76 ./src/main.o
                0x0800054a                main
 .text.timer_update_callback
                0x080005c0       0x5a ./src/main.o
                0x080005c0                timer_update_callback
 .text.tx_complete_callback
                0x0800061a       0x1c ./src/main.o
                0x0800061a                tx_complete_callback
 *fill*         0x08000636        0x2 
 .text.SystemInit
                0x08000638      0x12c ./firmware/cmsis/src/system_gd32e23x.o
                0x08000638                SystemInit
 .text.system_clock_config
                0x08000764        0xe ./firmware/cmsis/src/system_gd32e23x.o
 .text.system_clock_72m_hxtal
                0x08000772      0x172 ./firmware/cmsis/src/system_gd32e23x.o
 .text.Reset_Handler
                0x080008e4       0x50 ./firmware/cmsis/gcc_startup/startup_gd32e23x.o
                0x080008e4                Reset_Handler
 .text.Default_Handler
                0x08000934        0x2 ./firmware/cmsis/gcc_startup/startup_gd32e23x.o
                0x08000934                TIMER2_IRQHandler
                0x08000934                TIMER5_IRQHandler
                0x08000934                LVD_IRQHandler
                0x08000934                I2C0_EV_IRQHandler
                0x08000934                ADC_CMP_IRQHandler
                0x08000934                SPI1_IRQHandler
                0x08000934                TAMPER_IRQHandler
                0x08000934                DMA_Channel3_4_IRQHandler
                0x08000934                TIMER14_IRQHandler
                0x08000934                TIMER16_IRQHandler
                0x08000934                EXTI2_3_IRQHandler
                0x08000934                I2C0_ER_IRQHandler
                0x08000934                RTC_IRQHandler
                0x08000934                TIMER13_IRQHandler
                0x08000934                I2C1_EV_IRQHandler
                0x08000934                EXTI4_15_IRQHandler
                0x08000934                Default_Handler
                0x08000934                WWDGT_IRQHandler
                0x08000934                TIMER0_BRK_UP_TRG_COM_IRQHandler
                0x08000934                EXTI0_1_IRQHandler
                0x08000934                DMA_Channel1_2_IRQHandler
                0x08000934                RCU_IRQHandler
                0x08000934                TIMER0_Channel_IRQHandler
                0x08000934                SPI0_IRQHandler
                0x08000934                DMA_Channel0_IRQHandler
                0x08000934                USART1_IRQHandler
                0x08000934                I2C1_ER_IRQHandler
                0x08000934                FMC_IRQHandler
 .text.adc_enable
                0x08000936       0x32 ./firmware/GD32E23x_standard_peripheral/Source/gd32e23x_adc.o
                0x08000936                adc_enable
 .text.adc_disable
                0x08000968       0x22 ./firmware/GD32E23x_standard_peripheral/Source/gd32e23x_adc.o
                0x08000968                adc_disable
 .text.adc_calibration_enable
                0x0800098a       0x64 ./firmware/GD32E23x_standard_peripheral/Source/gd32e23x_adc.o
                0x0800098a                adc_calibration_enable
 *fill*         0x080009ee        0x2 
 .text.adc_special_function_config
                0x080009f0       0xf4 ./firmware/GD32E23x_standard_peripheral/Source/gd32e23x_adc.o
                0x080009f0                adc_special_function_config
 .text.adc_data_alignment_config
                0x08000ae4       0x4c ./firmware/GD32E23x_standard_peripheral/Source/gd32e23x_adc.o
                0x08000ae4                adc_data_alignment_config
 .text.adc_resolution_config
                0x08000b30       0x44 ./firmware/GD32E23x_standard_peripheral/Source/gd32e23x_adc.o
                0x08000b30                adc_resolution_config
 .text.adc_oversample_mode_config
                0x08000b74       0xa4 ./firmware/GD32E23x_standard_peripheral/Source/gd32e23x_adc.o
                0x08000b74                adc_oversample_mode_config
 .text.adc_oversample_mode_enable
                0x08000c18       0x22 ./firmware/GD32E23x_standard_peripheral/Source/gd32e23x_adc.o
                0x08000c18                adc_oversample_mode_enable
 .text.adc_oversample_mode_disable
                0x08000c3a       0x22 ./firmware/GD32E23x_standard_peripheral/Source/gd32e23x_adc.o
                0x08000c3a                adc_oversample_mode_disable
 .text.fmc_wscnt_set
                0x08000c5c       0x3a ./firmware/GD32E23x_standard_peripheral/Source/gd32e23x_fmc.o
                0x08000c5c                fmc_wscnt_set
 .text.fmc_prefetch_enable
                0x08000c96       0x22 ./firmware/GD32E23x_standard_peripheral/Source/gd32e23x_fmc.o
                0x08000c96                fmc_prefetch_enable
 .text.__NVIC_EnableIRQ
                0x08000cb8       0x42 ./firmware/GD32E23x_standard_peripheral/Source/gd32e23x_misc.o
 .text.__NVIC_SetPriority
                0x08000cfa       0xee ./firmware/GD32E23x_standard_peripheral/Source/gd32e23x_misc.o
 .text.nvic_irq_enable
                0x08000de8       0x38 ./firmware/GD32E23x_standard_peripheral/Source/gd32e23x_misc.o
                0x08000de8                nvic_irq_enable
 .text.nvic_vector_table_set
                0x08000e20       0x34 ./firmware/GD32E23x_standard_peripheral/Source/gd32e23x_misc.o
                0x08000e20                nvic_vector_table_set
 .text.pmu_backup_write_enable
                0x08000e54       0x24 ./firmware/GD32E23x_standard_peripheral/Source/gd32e23x_pmu.o
                0x08000e54                pmu_backup_write_enable
 .text.rcu_deinit
                0x08000e78      0x134 ./firmware/GD32E23x_standard_peripheral/Source/gd32e23x_rcu.o
                0x08000e78                rcu_deinit
 .text.rcu_periph_clock_enable
                0x08000fac       0x4a ./firmware/GD32E23x_standard_peripheral/Source/gd32e23x_rcu.o
                0x08000fac                rcu_periph_clock_enable
 .text.rcu_periph_clock_disable
                0x08000ff6       0x4e ./firmware/GD32E23x_standard_peripheral/Source/gd32e23x_rcu.o
                0x08000ff6                rcu_periph_clock_disable
 .text.rcu_periph_reset_enable
                0x08001044       0x4a ./firmware/GD32E23x_standard_peripheral/Source/gd32e23x_rcu.o
                0x08001044                rcu_periph_reset_enable
 .text.rcu_periph_reset_disable
                0x0800108e       0x4e ./firmware/GD32E23x_standard_peripheral/Source/gd32e23x_rcu.o
                0x0800108e                rcu_periph_reset_disable
 .text.rcu_bkp_reset_enable
                0x080010dc       0x24 ./firmware/GD32E23x_standard_peripheral/Source/gd32e23x_rcu.o
                0x080010dc                rcu_bkp_reset_enable
 .text.rcu_bkp_reset_disable
                0x08001100       0x28 ./firmware/GD32E23x_standard_peripheral/Source/gd32e23x_rcu.o
                0x08001100                rcu_bkp_reset_disable
 .text.rcu_system_clock_source_config
                0x08001128       0x38 ./firmware/GD32E23x_standard_peripheral/Source/gd32e23x_rcu.o
                0x08001128                rcu_system_clock_source_config
 .text.rcu_system_clock_source_get
                0x08001160       0x18 ./firmware/GD32E23x_standard_peripheral/Source/gd32e23x_rcu.o
                0x08001160                rcu_system_clock_source_get
 .text.rcu_ahb_clock_config
                0x08001178       0x38 ./firmware/GD32E23x_standard_peripheral/Source/gd32e23x_rcu.o
                0x08001178                rcu_ahb_clock_config
 .text.rcu_apb1_clock_config
                0x080011b0       0x3c ./firmware/GD32E23x_standard_peripheral/Source/gd32e23x_rcu.o
                0x080011b0                rcu_apb1_clock_config
 .text.rcu_apb2_clock_config
                0x080011ec       0x3c ./firmware/GD32E23x_standard_peripheral/Source/gd32e23x_rcu.o
                0x080011ec                rcu_apb2_clock_config
 .text.rcu_adc_clock_config
                0x08001228      0x2e4 ./firmware/GD32E23x_standard_peripheral/Source/gd32e23x_rcu.o
                0x08001228                rcu_adc_clock_config
 .text.rcu_pll_config
                0x0800150c       0x4c ./firmware/GD32E23x_standard_peripheral/Source/gd32e23x_rcu.o
                0x0800150c                rcu_pll_config
 .text.rcu_usart_clock_config
                0x08001558       0x40 ./firmware/GD32E23x_standard_peripheral/Source/gd32e23x_rcu.o
                0x08001558                rcu_usart_clock_config
 .text.rcu_rtc_clock_config
                0x08001598       0x44 ./firmware/GD32E23x_standard_peripheral/Source/gd32e23x_rcu.o
                0x08001598                rcu_rtc_clock_config
 .text.rcu_hxtal_prediv_config
                0x080015dc       0x38 ./firmware/GD32E23x_standard_peripheral/Source/gd32e23x_rcu.o
                0x080015dc                rcu_hxtal_prediv_config
 .text.rcu_flag_get
                0x08001614       0x40 ./firmware/GD32E23x_standard_peripheral/Source/gd32e23x_rcu.o
                0x08001614                rcu_flag_get
 .text.rcu_osci_stab_wait
                0x08001654      0x220 ./firmware/GD32E23x_standard_peripheral/Source/gd32e23x_rcu.o
                0x08001654                rcu_osci_stab_wait
 .text.rcu_osci_on
                0x08001874       0x4a ./firmware/GD32E23x_standard_peripheral/Source/gd32e23x_rcu.o
                0x08001874                rcu_osci_on
 .text.rcu_osci_off
                0x080018be       0x4e ./firmware/GD32E23x_standard_peripheral/Source/gd32e23x_rcu.o
                0x080018be                rcu_osci_off
 .text.rcu_osci_bypass_mode_enable
                0x0800190c       0xcc ./firmware/GD32E23x_standard_peripheral/Source/gd32e23x_rcu.o
                0x0800190c                rcu_osci_bypass_mode_enable
 .text.rcu_osci_bypass_mode_disable
                0x080019d8       0xd0 ./firmware/GD32E23x_standard_peripheral/Source/gd32e23x_rcu.o
                0x080019d8                rcu_osci_bypass_mode_disable
 .text.rcu_irc8m_adjust_value_set
                0x08001aa8       0x40 ./firmware/GD32E23x_standard_peripheral/Source/gd32e23x_rcu.o
                0x08001aa8                rcu_irc8m_adjust_value_set
 .text.rcu_irc28m_adjust_value_set
                0x08001ae8       0x40 ./firmware/GD32E23x_standard_peripheral/Source/gd32e23x_rcu.o
                0x08001ae8                rcu_irc28m_adjust_value_set
 .text.rcu_clock_freq_get
                0x08001b28      0x380 ./firmware/GD32E23x_standard_peripheral/Source/gd32e23x_rcu.o
                0x08001b28                rcu_clock_freq_get
 .text.timer_deinit
                0x08001ea8      0x142 ./firmware/GD32E23x_standard_peripheral/Source/gd32e23x_timer.o
                0x08001ea8                timer_deinit
 *fill*         0x08001fea        0x2 
 .text.timer_init
                0x08001fec      0x138 ./firmware/GD32E23x_standard_peripheral/Source/gd32e23x_timer.o
                0x08001fec                timer_init
 .text.timer_enable
                0x08002124       0x1c ./firmware/GD32E23x_standard_peripheral/Source/gd32e23x_timer.o
                0x08002124                timer_enable
 .text.timer_interrupt_enable
                0x08002140       0x22 ./firmware/GD32E23x_standard_peripheral/Source/gd32e23x_timer.o
                0x08002140                timer_interrupt_enable
 .text.timer_interrupt_flag_get
                0x08002162       0x34 ./firmware/GD32E23x_standard_peripheral/Source/gd32e23x_timer.o
                0x08002162                timer_interrupt_flag_get
 .text.timer_interrupt_flag_clear
                0x08002196       0x1c ./firmware/GD32E23x_standard_peripheral/Source/gd32e23x_timer.o
                0x08002196                timer_interrupt_flag_clear
 .text.timer_master_output_trigger_source_select
                0x080021b2       0x32 ./firmware/GD32E23x_standard_peripheral/Source/gd32e23x_timer.o
                0x080021b2                timer_master_output_trigger_source_select
 .text.timer_master_slave_mode_config
                0x080021e4       0x3e ./firmware/GD32E23x_standard_peripheral/Source/gd32e23x_timer.o
                0x080021e4                timer_master_slave_mode_config
 .text.usart_baudrate_set
                0x08002222       0xce ./firmware/GD32E23x_standard_peripheral/Source/gd32e23x_usart.o
                0x08002222                usart_baudrate_set
 .text.usart_enable
                0x080022f0       0x1c ./firmware/GD32E23x_standard_peripheral/Source/gd32e23x_usart.o
                0x080022f0                usart_enable
 .text.usart_disable
                0x0800230c       0x1c ./firmware/GD32E23x_standard_peripheral/Source/gd32e23x_usart.o
                0x0800230c                usart_disable
 .text.usart_data_transmit
                0x08002328       0x1e ./firmware/GD32E23x_standard_peripheral/Source/gd32e23x_usart.o
                0x08002328                usart_data_transmit
 .text.usart_address_config
                0x08002346       0x46 ./firmware/GD32E23x_standard_peripheral/Source/gd32e23x_usart.o
                0x08002346                usart_address_config
 .text.usart_address_detection_mode_config
                0x0800238c       0x42 ./firmware/GD32E23x_standard_peripheral/Source/gd32e23x_usart.o
                0x0800238c                usart_address_detection_mode_config
 .text.usart_mute_mode_enable
                0x080023ce       0x1e ./firmware/GD32E23x_standard_peripheral/Source/gd32e23x_usart.o
                0x080023ce                usart_mute_mode_enable
 .text.usart_mute_mode_wakeup_config
                0x080023ec       0x3c ./firmware/GD32E23x_standard_peripheral/Source/gd32e23x_usart.o
                0x080023ec                usart_mute_mode_wakeup_config
 .text.usart_lin_mode_enable
                0x08002428       0x2e ./firmware/GD32E23x_standard_peripheral/Source/gd32e23x_usart.o
                0x08002428                usart_lin_mode_enable
 *fill*         0x08002456        0x2 
 .text.usart_lin_mode_disable
                0x08002458       0x30 ./firmware/GD32E23x_standard_peripheral/Source/gd32e23x_usart.o
                0x08002458                usart_lin_mode_disable
 .text.usart_lin_break_detection_length_config
                0x08002488       0x42 ./firmware/GD32E23x_standard_peripheral/Source/gd32e23x_usart.o
                0x08002488                usart_lin_break_detection_length_config
 .text.usart_halfduplex_enable
                0x080024ca       0x2c ./firmware/GD32E23x_standard_peripheral/Source/gd32e23x_usart.o
                0x080024ca                usart_halfduplex_enable
 .text.usart_halfduplex_disable
                0x080024f6       0x2c ./firmware/GD32E23x_standard_peripheral/Source/gd32e23x_usart.o
                0x080024f6                usart_halfduplex_disable
 *fill*         0x08002522        0x2 
 .text.usart_clock_disable
                0x08002524       0x30 ./firmware/GD32E23x_standard_peripheral/Source/gd32e23x_usart.o
                0x08002524                usart_clock_disable
 .text.usart_smartcard_mode_disable
                0x08002554       0x2c ./firmware/GD32E23x_standard_peripheral/Source/gd32e23x_usart.o
                0x08002554                usart_smartcard_mode_disable
 .text.usart_irda_mode_disable
                0x08002580       0x2c ./firmware/GD32E23x_standard_peripheral/Source/gd32e23x_usart.o
                0x08002580                usart_irda_mode_disable
 .text.usart_rs485_driver_enable
                0x080025ac       0x2e ./firmware/GD32E23x_standard_peripheral/Source/gd32e23x_usart.o
                0x080025ac                usart_rs485_driver_enable
 *fill*         0x080025da        0x2 
 .text.usart_driver_assertime_config
                0x080025dc       0x44 ./firmware/GD32E23x_standard_peripheral/Source/gd32e23x_usart.o
                0x080025dc                usart_driver_assertime_config
 .text.usart_driver_deassertime_config
                0x08002620       0x44 ./firmware/GD32E23x_standard_peripheral/Source/gd32e23x_usart.o
                0x08002620                usart_driver_deassertime_config
 .text.usart_depolarity_config
                0x08002664       0x48 ./firmware/GD32E23x_standard_peripheral/Source/gd32e23x_usart.o
                0x08002664                usart_depolarity_config
 .text.usart_interrupt_enable
                0x080026ac       0x44 ./firmware/GD32E23x_standard_peripheral/Source/gd32e23x_usart.o
                0x080026ac                usart_interrupt_enable
 .text.usart_interrupt_disable
                0x080026f0       0x48 ./firmware/GD32E23x_standard_peripheral/Source/gd32e23x_usart.o
                0x080026f0                usart_interrupt_disable
 .text.usart_interrupt_flag_get
                0x08002738       0x62 ./firmware/GD32E23x_standard_peripheral/Source/gd32e23x_usart.o
                0x08002738                usart_interrupt_flag_get
 *fill*         0x0800279a        0x2 
 .text.usart_interrupt_flag_clear
                0x0800279c       0x50 ./firmware/GD32E23x_standard_peripheral/Source/gd32e23x_usart.o
                0x0800279c                usart_interrupt_flag_clear
 .text.hal_adc_struct_init
                0x080027ec      0x150 ./firmware/GD32E23x_hal_peripheral/Source/gd32e23x_hal_adc.o
                0x080027ec                hal_adc_struct_init
 .text.hal_adc_init
                0x0800293c       0xd0 ./firmware/GD32E23x_hal_peripheral/Source/gd32e23x_hal_adc.o
                0x0800293c                hal_adc_init
 .text.hal_adc_calibration
                0x08002a0c       0x64 ./firmware/GD32E23x_hal_peripheral/Source/gd32e23x_hal_adc.o
                0x08002a0c                hal_adc_calibration
 .text.hal_adc_error_get
                0x08002a70       0x14 ./firmware/GD32E23x_hal_peripheral/Source/gd32e23x_hal_adc.o
                0x08002a70                hal_adc_error_get
 .text.hal_adc_state_get
                0x08002a84       0x14 ./firmware/GD32E23x_hal_peripheral/Source/gd32e23x_hal_adc.o
                0x08002a84                hal_adc_state_get
 .text._adc_enable
                0x08002a98       0x5c ./firmware/GD32E23x_hal_peripheral/Source/gd32e23x_hal_adc.o
 .text._adc_disable
                0x08002af4       0x56 ./firmware/GD32E23x_hal_peripheral/Source/gd32e23x_hal_adc.o
 .text._adc_enable_state_get
                0x08002b4a       0x20 ./firmware/GD32E23x_hal_peripheral/Source/gd32e23x_hal_adc.o
 .text._adc_state_set
                0x08002b6a       0x26 ./firmware/GD32E23x_hal_peripheral/Source/gd32e23x_hal_adc.o
 .text._adc_state_clear
                0x08002b90       0x30 ./firmware/GD32E23x_hal_peripheral/Source/gd32e23x_hal_adc.o
 .text._adc_error_set
                0x08002bc0       0x26 ./firmware/GD32E23x_hal_peripheral/Source/gd32e23x_hal_adc.o
 .text.__NVIC_SetPriority
                0x08002be6       0xee ./firmware/GD32E23x_hal_peripheral/Source/gd32e23x_hal_basetick.o
 .text.SysTick_Config
                0x08002cd4       0x54 ./firmware/GD32E23x_hal_peripheral/Source/gd32e23x_hal_basetick.o
 .text.hal_basetick_init
                0x08002d28       0x46 ./firmware/GD32E23x_hal_peripheral/Source/gd32e23x_hal_basetick.o
                0x08002d28                hal_basetick_init
 .text.hal_basetick_count_get
                0x08002d6e       0x14 ./firmware/GD32E23x_hal_peripheral/Source/gd32e23x_hal_basetick.o
                0x08002d6e                hal_basetick_count_get
 .text.hal_basetick_timeout_check
                0x08002d82       0x2c ./firmware/GD32E23x_hal_peripheral/Source/gd32e23x_hal_basetick.o
                0x08002d82                hal_basetick_timeout_check
 .text.hal_basetick_delay_ms
                0x08002dae       0x38 ./firmware/GD32E23x_hal_peripheral/Source/gd32e23x_hal_basetick.o
                0x08002dae                hal_basetick_delay_ms
 *fill*         0x08002de6        0x2 
 .text.hal_basetick_irq
                0x08002de8       0xf8 ./firmware/GD32E23x_hal_peripheral/Source/gd32e23x_hal_basetick.o
                0x08002de8                hal_basetick_irq
 .text._hal_systick_init
                0x08002ee0       0x3c ./firmware/GD32E23x_hal_peripheral/Source/gd32e23x_hal_basetick.o
 .text._hal_basetick_timer_init
                0x08002f1c      0x138 ./firmware/GD32E23x_hal_peripheral/Source/gd32e23x_hal_basetick.o
 .text.hal_fmc_prefetch_enable
                0x08003054        0xe ./firmware/GD32E23x_hal_peripheral/Source/gd32e23x_hal_fmc.o
                0x08003054                hal_fmc_prefetch_enable
 .text.hal_gpio_struct_init
                0x08003062       0x2a ./firmware/GD32E23x_hal_peripheral/Source/gd32e23x_hal_gpio.o
                0x08003062                hal_gpio_struct_init
 .text.hal_gpio_init
                0x0800308c      0x18c ./firmware/GD32E23x_hal_peripheral/Source/gd32e23x_hal_gpio.o
                0x0800308c                hal_gpio_init
 .text.hal_gpio_bit_reset
                0x08003218       0x1a ./firmware/GD32E23x_hal_peripheral/Source/gd32e23x_hal_gpio.o
                0x08003218                hal_gpio_bit_reset
 .text.hal_gpio_bit_toggle
                0x08003232       0x1a ./firmware/GD32E23x_hal_peripheral/Source/gd32e23x_hal_gpio.o
                0x08003232                hal_gpio_bit_toggle
 .text.__NVIC_EnableIRQ
                0x0800324c       0x42 ./firmware/GD32E23x_hal_peripheral/Source/gd32e23x_hal_nvic.o
 .text.__NVIC_SetPriority
                0x0800328e       0xee ./firmware/GD32E23x_hal_peripheral/Source/gd32e23x_hal_nvic.o
 .text.hal_nvic_periph_irq_enable
                0x0800337c       0x3a ./firmware/GD32E23x_hal_peripheral/Source/gd32e23x_hal_nvic.o
                0x0800337c                hal_nvic_periph_irq_enable
 .text.hal_rcu_struct_init
                0x080033b6       0xba ./firmware/GD32E23x_hal_peripheral/Source/gd32e23x_hal_rcu.o
                0x080033b6                hal_rcu_struct_init
 .text.hal_rcu_periph_clk_enable
                0x08003470       0x1e ./firmware/GD32E23x_hal_peripheral/Source/gd32e23x_hal_rcu.o
                0x08003470                hal_rcu_periph_clk_enable
 *fill*         0x0800348e        0x2 
 .text.hal_rcu_periph_clock_config
                0x08003490      0x150 ./firmware/GD32E23x_hal_peripheral/Source/gd32e23x_hal_rcu.o
                0x08003490                hal_rcu_periph_clock_config
 .text.hal_rcu_periph_clkfreq_get
                0x080035e0      0x120 ./firmware/GD32E23x_hal_peripheral/Source/gd32e23x_hal_rcu.o
                0x080035e0                hal_rcu_periph_clkfreq_get
 .text.hal_rcu_osci_config
                0x08003700      0x53c ./firmware/GD32E23x_hal_peripheral/Source/gd32e23x_hal_rcu.o
                0x08003700                hal_rcu_osci_config
 .text.hal_rcu_clock_config
                0x08003c3c      0x182 ./firmware/GD32E23x_hal_peripheral/Source/gd32e23x_hal_rcu.o
                0x08003c3c                hal_rcu_clock_config
 *fill*         0x08003dbe        0x2 
 .text.hal_timer_struct_init
                0x08003dc0      0x298 ./firmware/GD32E23x_hal_peripheral/Source/gd32e23x_hal_timer.o
                0x08003dc0                hal_timer_struct_init
 .text.hal_timer_basic_init
                0x08004058       0x9e ./firmware/GD32E23x_hal_peripheral/Source/gd32e23x_hal_timer.o
                0x08004058                hal_timer_basic_init
 .text.hal_timer_start_counter_interrupt
                0x080040f6       0x28 ./firmware/GD32E23x_hal_peripheral/Source/gd32e23x_hal_timer.o
                0x080040f6                hal_timer_start_counter_interrupt
 .text.hal_timer_irq_handle_set
                0x0800411e       0x7c ./firmware/GD32E23x_hal_peripheral/Source/gd32e23x_hal_timer.o
                0x0800411e                hal_timer_irq_handle_set
 .text.hal_timer_irq
                0x0800419a      0x274 ./firmware/GD32E23x_hal_peripheral/Source/gd32e23x_hal_timer.o
                0x0800419a                hal_timer_irq
 *fill*         0x0800440e        0x2 
 .text.hal_uart_struct_init
                0x08004410      0x19c ./firmware/GD32E23x_hal_peripheral/Source/gd32e23x_hal_uart.o
                0x08004410                hal_uart_struct_init
 .text.hal_uart_init
                0x080045ac      0x1dc ./firmware/GD32E23x_hal_peripheral/Source/gd32e23x_hal_uart.o
                0x080045ac                hal_uart_init
 .text.hal_uart_start
                0x08004788       0x1a ./firmware/GD32E23x_hal_peripheral/Source/gd32e23x_hal_uart.o
                0x08004788                hal_uart_start
 .text.hal_uart_irq
                0x080047a2      0x376 ./firmware/GD32E23x_hal_peripheral/Source/gd32e23x_hal_uart.o
                0x080047a2                hal_uart_irq
 .text.hal_uart_transmit_interrupt
                0x08004b18       0x88 ./firmware/GD32E23x_hal_peripheral/Source/gd32e23x_hal_uart.o
                0x08004b18                hal_uart_transmit_interrupt
 .text._uart_data_bit_mask_get
                0x08004ba0       0x68 ./firmware/GD32E23x_hal_peripheral/Source/gd32e23x_hal_uart.o
 .text._uart_error_flag_get
                0x08004c08       0x24 ./firmware/GD32E23x_hal_peripheral/Source/gd32e23x_hal_uart.o
 .text._uart_transmit_complete_interrupt
                0x08004c2c       0x40 ./firmware/GD32E23x_hal_peripheral/Source/gd32e23x_hal_uart.o
 .text._uart_transmit_interrupt
                0x08004c6c       0xaa ./firmware/GD32E23x_hal_peripheral/Source/gd32e23x_hal_uart.o
 *fill*         0x08004d16        0x2 
 .text.__libc_init_array
                0x08004d18       0x50 d:/programs/embeddedbuilder_v1.3.9.22554/tools/gnu tools arm embedded/xpack-arm-none-eabi-gcc/9.2.1-1.1/bin/../lib/gcc/arm-none-eabi/9.2.1/../../../../arm-none-eabi/lib/thumb/v8-m.base/nofp\libg_nano.a(lib_a-init.o)
                0x08004d18                __libc_init_array
 *(.glue_7)
 .glue_7        0x08004d68        0x0 linker stubs
 *(.glue_7t)
 .glue_7t       0x08004d68        0x0 linker stubs
 *(.eh_frame)
 .eh_frame      0x08004d68        0x0 d:/programs/embeddedbuilder_v1.3.9.22554/tools/gnu tools arm embedded/xpack-arm-none-eabi-gcc/9.2.1-1.1/bin/../lib/gcc/arm-none-eabi/9.2.1/thumb/v8-m.base/nofp/crtbegin.o
 *(.init)
 .init          0x08004d68        0x4 d:/programs/embeddedbuilder_v1.3.9.22554/tools/gnu tools arm embedded/xpack-arm-none-eabi-gcc/9.2.1-1.1/bin/../lib/gcc/arm-none-eabi/9.2.1/thumb/v8-m.base/nofp/crti.o
                0x08004d68                _init
 .init          0x08004d6c        0x8 d:/programs/embeddedbuilder_v1.3.9.22554/tools/gnu tools arm embedded/xpack-arm-none-eabi-gcc/9.2.1-1.1/bin/../lib/gcc/arm-none-eabi/9.2.1/thumb/v8-m.base/nofp/crtn.o
 *(.fini)
 .fini          0x08004d74        0x4 d:/programs/embeddedbuilder_v1.3.9.22554/tools/gnu tools arm embedded/xpack-arm-none-eabi-gcc/9.2.1-1.1/bin/../lib/gcc/arm-none-eabi/9.2.1/thumb/v8-m.base/nofp/crti.o
                0x08004d74                _fini
 .fini          0x08004d78        0x8 d:/programs/embeddedbuilder_v1.3.9.22554/tools/gnu tools arm embedded/xpack-arm-none-eabi-gcc/9.2.1-1.1/bin/../lib/gcc/arm-none-eabi/9.2.1/thumb/v8-m.base/nofp/crtn.o
                0x08004d80                . = ALIGN (0x4)
                0x08004d80                _etext = .

.vfp11_veneer   0x08004d80        0x0
 .vfp11_veneer  0x08004d80        0x0 linker stubs

.v4_bx          0x08004d80        0x0
 .v4_bx         0x08004d80        0x0 linker stubs

.iplt           0x08004d80        0x0
 .iplt          0x08004d80        0x0 d:/programs/embeddedbuilder_v1.3.9.22554/tools/gnu tools arm embedded/xpack-arm-none-eabi-gcc/9.2.1-1.1/bin/../lib/gcc/arm-none-eabi/9.2.1/thumb/v8-m.base/nofp/crtbegin.o

.rodata         0x08004d80      0x178
                0x08004d80                . = ALIGN (0x4)
 *(.rodata)
 .rodata        0x08004d80       0x18 ./firmware/GD32E23x_standard_peripheral/Source/gd32e23x_rcu.o
 *(.rodata*)
 .rodata.rcu_adc_clock_config
                0x08004d98       0x28 ./firmware/GD32E23x_standard_peripheral/Source/gd32e23x_rcu.o
 .rodata.rcu_clock_freq_get
                0x08004dc0       0x18 ./firmware/GD32E23x_standard_peripheral/Source/gd32e23x_rcu.o
 .rodata.hal_adc_struct_init
                0x08004dd8       0x28 ./firmware/GD32E23x_hal_peripheral/Source/gd32e23x_hal_adc.o
 .rodata._BASETICK_SOURCE_CLK
                0x08004e00        0xe ./firmware/GD32E23x_hal_peripheral/Source/gd32e23x_hal_basetick.o
 *fill*         0x08004e0e        0x2 
 .rodata._BASETICK_SOURCE_PERIPH
                0x08004e10       0x1c ./firmware/GD32E23x_hal_peripheral/Source/gd32e23x_hal_basetick.o
 .rodata._BASETICK_SOURCE_IRQN
                0x08004e2c        0x7 ./firmware/GD32E23x_hal_peripheral/Source/gd32e23x_hal_basetick.o
 *fill*         0x08004e33        0x1 
 .rodata.hal_basetick_irq
                0x08004e34       0x1c ./firmware/GD32E23x_hal_peripheral/Source/gd32e23x_hal_basetick.o
 .rodata._rcu_stab_flag
                0x08004e50        0x6 ./firmware/GD32E23x_hal_peripheral/Source/gd32e23x_hal_rcu.o
 *fill*         0x08004e56        0x2 
 .rodata._rcu_timeout
                0x08004e58        0xc ./firmware/GD32E23x_hal_peripheral/Source/gd32e23x_hal_rcu.o
 .rodata._rcu_scss
                0x08004e64        0xc ./firmware/GD32E23x_hal_peripheral/Source/gd32e23x_hal_rcu.o
 .rodata.hal_rcu_periph_clkfreq_get
                0x08004e70       0x44 ./firmware/GD32E23x_hal_peripheral/Source/gd32e23x_hal_rcu.o
 .rodata.hal_timer_struct_init
                0x08004eb4       0x30 ./firmware/GD32E23x_hal_peripheral/Source/gd32e23x_hal_timer.o
 .rodata.hal_uart_struct_init
                0x08004ee4       0x14 ./firmware/GD32E23x_hal_peripheral/Source/gd32e23x_hal_uart.o
                0x08004ef8                . = ALIGN (0x4)

.rel.dyn        0x08004ef8        0x0
 .rel.iplt      0x08004ef8        0x0 d:/programs/embeddedbuilder_v1.3.9.22554/tools/gnu tools arm embedded/xpack-arm-none-eabi-gcc/9.2.1-1.1/bin/../lib/gcc/arm-none-eabi/9.2.1/thumb/v8-m.base/nofp/crtbegin.o

.ARM.extab
 *(.ARM.extab* .gnu.linkonce.armextab.*)

.ARM            0x08004ef8        0x0
                0x08004ef8                __exidx_start = .
 *(.ARM.exidx*)
                0x08004ef8                __exidx_end = .

.ARM.attributes
                0x08004ef8       0x2c
 *(.ARM.attributes)
 .ARM.attributes
                0x08004ef8       0x22 d:/programs/embeddedbuilder_v1.3.9.22554/tools/gnu tools arm embedded/xpack-arm-none-eabi-gcc/9.2.1-1.1/bin/../lib/gcc/arm-none-eabi/9.2.1/thumb/v8-m.base/nofp/crti.o
 .ARM.attributes
                0x08004f1a       0x30 d:/programs/embeddedbuilder_v1.3.9.22554/tools/gnu tools arm embedded/xpack-arm-none-eabi-gcc/9.2.1-1.1/bin/../lib/gcc/arm-none-eabi/9.2.1/thumb/v8-m.base/nofp/crtbegin.o
 .ARM.attributes
                0x08004f4a       0x30 ./src/gd32e23x_hal_init.o
 .ARM.attributes
                0x08004f7a       0x30 ./src/gd32e23x_hal_it.o
 .ARM.attributes
                0x08004faa       0x30 ./src/main.o
 .ARM.attributes
                0x08004fda       0x30 ./firmware/cmsis/src/system_gd32e23x.o
 .ARM.attributes
                0x0800500a       0x22 ./firmware/cmsis/gcc_startup/startup_gd32e23x.o
 .ARM.attributes
                0x0800502c       0x30 ./firmware/GD32E23x_standard_peripheral/Source/gd32e23x_adc.o
 .ARM.attributes
                0x0800505c       0x30 ./firmware/GD32E23x_standard_peripheral/Source/gd32e23x_fmc.o
 .ARM.attributes
                0x0800508c       0x30 ./firmware/GD32E23x_standard_peripheral/Source/gd32e23x_misc.o
 .ARM.attributes
                0x080050bc       0x30 ./firmware/GD32E23x_standard_peripheral/Source/gd32e23x_pmu.o
 .ARM.attributes
                0x080050ec       0x30 ./firmware/GD32E23x_standard_peripheral/Source/gd32e23x_rcu.o
 .ARM.attributes
                0x0800511c       0x30 ./firmware/GD32E23x_standard_peripheral/Source/gd32e23x_timer.o
 .ARM.attributes
                0x0800514c       0x30 ./firmware/GD32E23x_standard_peripheral/Source/gd32e23x_usart.o
 .ARM.attributes
                0x0800517c       0x30 ./firmware/GD32E23x_hal_peripheral/Source/gd32e23x_hal_adc.o
 .ARM.attributes
                0x080051ac       0x30 ./firmware/GD32E23x_hal_peripheral/Source/gd32e23x_hal_basetick.o
 .ARM.attributes
                0x080051dc       0x30 ./firmware/GD32E23x_hal_peripheral/Source/gd32e23x_hal_fmc.o
 .ARM.attributes
                0x0800520c       0x30 ./firmware/GD32E23x_hal_peripheral/Source/gd32e23x_hal_gpio.o
 .ARM.attributes
                0x0800523c       0x30 ./firmware/GD32E23x_hal_peripheral/Source/gd32e23x_hal_nvic.o
 .ARM.attributes
                0x0800526c       0x30 ./firmware/GD32E23x_hal_peripheral/Source/gd32e23x_hal_rcu.o
 .ARM.attributes
                0x0800529c       0x30 ./firmware/GD32E23x_hal_peripheral/Source/gd32e23x_hal_timer.o
 .ARM.attributes
                0x080052cc       0x30 ./firmware/GD32E23x_hal_peripheral/Source/gd32e23x_hal_uart.o
 .ARM.attributes
                0x080052fc       0x30 d:/programs/embeddedbuilder_v1.3.9.22554/tools/gnu tools arm embedded/xpack-arm-none-eabi-gcc/9.2.1-1.1/bin/../lib/gcc/arm-none-eabi/9.2.1/../../../../arm-none-eabi/lib/thumb/v8-m.base/nofp\libg_nano.a(lib_a-init.o)
 .ARM.attributes
                0x0800532c       0x22 d:/programs/embeddedbuilder_v1.3.9.22554/tools/gnu tools arm embedded/xpack-arm-none-eabi-gcc/9.2.1-1.1/bin/../lib/gcc/arm-none-eabi/9.2.1/thumb/v8-m.base/nofp/crtn.o

.preinit_array  0x08004ef8        0x0
                0x08004ef8                PROVIDE (__preinit_array_start = .)
 *(.preinit_array*)
                0x08004ef8                PROVIDE (__preinit_array_end = .)

.init_array     0x08004ef8        0x4
                0x08004ef8                PROVIDE (__init_array_start = .)
 *(SORT_BY_NAME(.init_array.*))
 *(.init_array*)
 .init_array    0x08004ef8        0x4 d:/programs/embeddedbuilder_v1.3.9.22554/tools/gnu tools arm embedded/xpack-arm-none-eabi-gcc/9.2.1-1.1/bin/../lib/gcc/arm-none-eabi/9.2.1/thumb/v8-m.base/nofp/crtbegin.o
                0x08004efc                PROVIDE (__init_array_end = .)

.fini_array     0x08004efc        0x4
                [!provide]                PROVIDE (__fini_array_start = .)
 *(.fini_array*)
 .fini_array    0x08004efc        0x4 d:/programs/embeddedbuilder_v1.3.9.22554/tools/gnu tools arm embedded/xpack-arm-none-eabi-gcc/9.2.1-1.1/bin/../lib/gcc/arm-none-eabi/9.2.1/thumb/v8-m.base/nofp/crtbegin.o
 *(SORT_BY_NAME(.fini_array.*))
                [!provide]                PROVIDE (__fini_array_end = .)
                0x08004f00                _sidata = LOADADDR (.data)

.data           0x20000000       0x18 load address 0x08004f00
                0x20000000                . = ALIGN (0x4)
                0x20000000                _sdata = .
 *(.data)
 *(.data*)
 .data.transmitter_buffer
                0x20000000        0xf ./src/main.o
                0x20000000                transmitter_buffer
 *fill*         0x2000000f        0x1 
 .data.SystemCoreClock
                0x20000010        0x4 ./firmware/cmsis/src/system_gd32e23x.o
                0x20000010                SystemCoreClock
 .data.g_basetick_source
                0x20000014        0x1 ./firmware/GD32E23x_hal_peripheral/Source/gd32e23x_hal_basetick.o
                0x20000014                g_basetick_source
                0x20000018                . = ALIGN (0x4)
 *fill*         0x20000015        0x3 
                0x20000018                _edata = .

.igot.plt       0x20000018        0x0 load address 0x08004f18
 .igot.plt      0x20000018        0x0 d:/programs/embeddedbuilder_v1.3.9.22554/tools/gnu tools arm embedded/xpack-arm-none-eabi-gcc/9.2.1-1.1/bin/../lib/gcc/arm-none-eabi/9.2.1/thumb/v8-m.base/nofp/crtbegin.o
                0x20000018                . = ALIGN (0x4)

.bss            0x20000018      0x134 load address 0x08004f18
                0x20000018                _sbss = .
                0x20000018                __bss_start__ = _sbss
 *(.bss)
 *(.bss*)
 .bss.completed.8911
                0x20000018        0x1 d:/programs/embeddedbuilder_v1.3.9.22554/tools/gnu tools arm embedded/xpack-arm-none-eabi-gcc/9.2.1-1.1/bin/../lib/gcc/arm-none-eabi/9.2.1/thumb/v8-m.base/nofp/crtbegin.o
 *fill*         0x20000019        0x3 
 .bss.object.8916
                0x2000001c       0x18 d:/programs/embeddedbuilder_v1.3.9.22554/tools/gnu tools arm embedded/xpack-arm-none-eabi-gcc/9.2.1-1.1/bin/../lib/gcc/arm-none-eabi/9.2.1/thumb/v8-m.base/nofp/crtbegin.o
 .bss.tx_end    0x20000034        0x1 ./src/main.o
                0x20000034                tx_end
 *fill*         0x20000035        0x3 
 .bss._basetick_irq_handle
                0x20000038        0x4 ./firmware/GD32E23x_hal_peripheral/Source/gd32e23x_hal_basetick.o
 .bss.g_basetick_cnt
                0x2000003c        0x4 ./firmware/GD32E23x_hal_peripheral/Source/gd32e23x_hal_basetick.o
 .bss.g_basetick_count
                0x20000040        0x4 ./firmware/GD32E23x_hal_peripheral/Source/gd32e23x_hal_basetick.o
 *(COMMON)
 COMMON         0x20000044       0xd4 ./src/gd32e23x_hal_init.o
                0x20000044                timer15_info
                0x2000009c                adc_info
                0x200000b8                uart0_info
 COMMON         0x20000118       0x34 ./src/main.o
                0x20000118                timer15_irq_handle
                0x2000014c                . = ALIGN (0x4)
                0x2000014c                _ebss = .
                0x2000014c                __bss_end__ = _ebss
                0x20000150                . = ALIGN (0x8)
                [!provide]                PROVIDE (end = _ebss)
                0x2000014c                PROVIDE (_end = _ebss)

.stack          0x20001800      0x800 load address 0x2000014c
                0x20001800                PROVIDE (_heap_end = .)
                0x00000800                . = __stack_size
 *fill*         0x20001800      0x800 
                0x20002000                PROVIDE (_sp = .)
START GROUP
LOAD d:/programs/embeddedbuilder_v1.3.9.22554/tools/gnu tools arm embedded/xpack-arm-none-eabi-gcc/9.2.1-1.1/bin/../lib/gcc/arm-none-eabi/9.2.1/thumb/v8-m.base/nofp\libgcc.a
LOAD d:/programs/embeddedbuilder_v1.3.9.22554/tools/gnu tools arm embedded/xpack-arm-none-eabi-gcc/9.2.1-1.1/bin/../lib/gcc/arm-none-eabi/9.2.1/../../../../arm-none-eabi/lib/thumb/v8-m.base/nofp\libc.a
LOAD d:/programs/embeddedbuilder_v1.3.9.22554/tools/gnu tools arm embedded/xpack-arm-none-eabi-gcc/9.2.1-1.1/bin/../lib/gcc/arm-none-eabi/9.2.1/../../../../arm-none-eabi/lib/thumb/v8-m.base/nofp\libm.a
LOAD d:/programs/embeddedbuilder_v1.3.9.22554/tools/gnu tools arm embedded/xpack-arm-none-eabi-gcc/9.2.1-1.1/bin/../lib/gcc/arm-none-eabi/9.2.1/../../../../arm-none-eabi/lib/thumb/v8-m.base/nofp\libnosys.a
END GROUP
OUTPUT(Learn.elf elf32-littlearm)

.debug_info     0x00000000    0x15cd0
 .debug_info    0x00000000     0x1f8a ./src/gd32e23x_hal_init.o
 .debug_info    0x00001f8a     0x1098 ./src/gd32e23x_hal_it.o
 .debug_info    0x00003022     0x1285 ./src/main.o
 .debug_info    0x000042a7      0x259 ./firmware/cmsis/src/system_gd32e23x.o
 .debug_info    0x00004500       0x22 ./firmware/cmsis/gcc_startup/startup_gd32e23x.o
 .debug_info    0x00004522      0x786 ./firmware/GD32E23x_standard_peripheral/Source/gd32e23x_adc.o
 .debug_info    0x00004ca8      0x6b3 ./firmware/GD32E23x_standard_peripheral/Source/gd32e23x_fmc.o
 .debug_info    0x0000535b      0x5dc ./firmware/GD32E23x_standard_peripheral/Source/gd32e23x_misc.o
 .debug_info    0x00005937      0x3f0 ./firmware/GD32E23x_standard_peripheral/Source/gd32e23x_pmu.o
 .debug_info    0x00005d27      0xcbb ./firmware/GD32E23x_standard_peripheral/Source/gd32e23x_rcu.o
 .debug_info    0x000069e2     0x13fb ./firmware/GD32E23x_standard_peripheral/Source/gd32e23x_timer.o
 .debug_info    0x00007ddd     0x1265 ./firmware/GD32E23x_standard_peripheral/Source/gd32e23x_usart.o
 .debug_info    0x00009042     0x1ac2 ./firmware/GD32E23x_hal_peripheral/Source/gd32e23x_hal_adc.o
 .debug_info    0x0000ab04     0x128b ./firmware/GD32E23x_hal_peripheral/Source/gd32e23x_hal_basetick.o
 .debug_info    0x0000bd8f     0x15b3 ./firmware/GD32E23x_hal_peripheral/Source/gd32e23x_hal_fmc.o
 .debug_info    0x0000d342      0xefb ./firmware/GD32E23x_hal_peripheral/Source/gd32e23x_hal_gpio.o
 .debug_info    0x0000e23d      0xf51 ./firmware/GD32E23x_hal_peripheral/Source/gd32e23x_hal_nvic.o
 .debug_info    0x0000f18e     0x1a79 ./firmware/GD32E23x_hal_peripheral/Source/gd32e23x_hal_rcu.o
 .debug_info    0x00010c07     0x32b4 ./firmware/GD32E23x_hal_peripheral/Source/gd32e23x_hal_timer.o
 .debug_info    0x00013ebb     0x1e15 ./firmware/GD32E23x_hal_peripheral/Source/gd32e23x_hal_uart.o

.debug_abbrev   0x00000000     0x2eaa
 .debug_abbrev  0x00000000      0x28e ./src/gd32e23x_hal_init.o
 .debug_abbrev  0x0000028e      0x218 ./src/gd32e23x_hal_it.o
 .debug_abbrev  0x000004a6      0x27a ./src/main.o
 .debug_abbrev  0x00000720      0x143 ./firmware/cmsis/src/system_gd32e23x.o
 .debug_abbrev  0x00000863       0x12 ./firmware/cmsis/gcc_startup/startup_gd32e23x.o
 .debug_abbrev  0x00000875      0x194 ./firmware/GD32E23x_standard_peripheral/Source/gd32e23x_adc.o
 .debug_abbrev  0x00000a09      0x1bc ./firmware/GD32E23x_standard_peripheral/Source/gd32e23x_fmc.o
 .debug_abbrev  0x00000bc5      0x1c8 ./firmware/GD32E23x_standard_peripheral/Source/gd32e23x_misc.o
 .debug_abbrev  0x00000d8d      0x1be ./firmware/GD32E23x_standard_peripheral/Source/gd32e23x_pmu.o
 .debug_abbrev  0x00000f4b      0x1d1 ./firmware/GD32E23x_standard_peripheral/Source/gd32e23x_rcu.o
 .debug_abbrev  0x0000111c      0x1c9 ./firmware/GD32E23x_standard_peripheral/Source/gd32e23x_timer.o
 .debug_abbrev  0x000012e5      0x189 ./firmware/GD32E23x_standard_peripheral/Source/gd32e23x_usart.o
 .debug_abbrev  0x0000146e      0x361 ./firmware/GD32E23x_hal_peripheral/Source/gd32e23x_hal_adc.o
 .debug_abbrev  0x000017cf      0x39d ./firmware/GD32E23x_hal_peripheral/Source/gd32e23x_hal_basetick.o
 .debug_abbrev  0x00001b6c      0x366 ./firmware/GD32E23x_hal_peripheral/Source/gd32e23x_hal_fmc.o
 .debug_abbrev  0x00001ed2      0x2e6 ./firmware/GD32E23x_hal_peripheral/Source/gd32e23x_hal_gpio.o
 .debug_abbrev  0x000021b8      0x316 ./firmware/GD32E23x_hal_peripheral/Source/gd32e23x_hal_nvic.o
 .debug_abbrev  0x000024ce      0x378 ./firmware/GD32E23x_hal_peripheral/Source/gd32e23x_hal_rcu.o
 .debug_abbrev  0x00002846      0x31d ./firmware/GD32E23x_hal_peripheral/Source/gd32e23x_hal_timer.o
 .debug_abbrev  0x00002b63      0x347 ./firmware/GD32E23x_hal_peripheral/Source/gd32e23x_hal_uart.o

.debug_aranges  0x00000000     0x1390
 .debug_aranges
                0x00000000       0x68 ./src/gd32e23x_hal_init.o
 .debug_aranges
                0x00000068       0x50 ./src/gd32e23x_hal_it.o
 .debug_aranges
                0x000000b8       0x30 ./src/main.o
 .debug_aranges
                0x000000e8       0x38 ./firmware/cmsis/src/system_gd32e23x.o
 .debug_aranges
                0x00000120       0x28 ./firmware/cmsis/gcc_startup/startup_gd32e23x.o
 .debug_aranges
                0x00000148      0x128 ./firmware/GD32E23x_standard_peripheral/Source/gd32e23x_adc.o
 .debug_aranges
                0x00000270      0x108 ./firmware/GD32E23x_standard_peripheral/Source/gd32e23x_fmc.o
 .debug_aranges
                0x00000378       0x70 ./firmware/GD32E23x_standard_peripheral/Source/gd32e23x_misc.o
 .debug_aranges
                0x000003e8       0x80 ./firmware/GD32E23x_standard_peripheral/Source/gd32e23x_pmu.o
 .debug_aranges
                0x00000468      0x150 ./firmware/GD32E23x_standard_peripheral/Source/gd32e23x_rcu.o
 .debug_aranges
                0x000005b8      0x260 ./firmware/GD32E23x_standard_peripheral/Source/gd32e23x_timer.o
 .debug_aranges
                0x00000818      0x268 ./firmware/GD32E23x_standard_peripheral/Source/gd32e23x_usart.o
 .debug_aranges
                0x00000a80      0x168 ./firmware/GD32E23x_hal_peripheral/Source/gd32e23x_hal_adc.o
 .debug_aranges
                0x00000be8       0x80 ./firmware/GD32E23x_hal_peripheral/Source/gd32e23x_hal_basetick.o
 .debug_aranges
                0x00000c68       0xf8 ./firmware/GD32E23x_hal_peripheral/Source/gd32e23x_hal_fmc.o
 .debug_aranges
                0x00000d60       0x88 ./firmware/GD32E23x_hal_peripheral/Source/gd32e23x_hal_gpio.o
 .debug_aranges
                0x00000de8       0x70 ./firmware/GD32E23x_hal_peripheral/Source/gd32e23x_hal_nvic.o
 .debug_aranges
                0x00000e58       0x88 ./firmware/GD32E23x_hal_peripheral/Source/gd32e23x_hal_rcu.o
 .debug_aranges
                0x00000ee0      0x350 ./firmware/GD32E23x_hal_peripheral/Source/gd32e23x_hal_timer.o
 .debug_aranges
                0x00001230      0x160 ./firmware/GD32E23x_hal_peripheral/Source/gd32e23x_hal_uart.o

.debug_ranges   0x00000000     0x1258
 .debug_ranges  0x00000000       0x58 ./src/gd32e23x_hal_init.o
 .debug_ranges  0x00000058       0x40 ./src/gd32e23x_hal_it.o
 .debug_ranges  0x00000098       0x20 ./src/main.o
 .debug_ranges  0x000000b8       0x28 ./firmware/cmsis/src/system_gd32e23x.o
 .debug_ranges  0x000000e0       0x20 ./firmware/cmsis/gcc_startup/startup_gd32e23x.o
 .debug_ranges  0x00000100      0x118 ./firmware/GD32E23x_standard_peripheral/Source/gd32e23x_adc.o
 .debug_ranges  0x00000218       0xf8 ./firmware/GD32E23x_standard_peripheral/Source/gd32e23x_fmc.o
 .debug_ranges  0x00000310       0x60 ./firmware/GD32E23x_standard_peripheral/Source/gd32e23x_misc.o
 .debug_ranges  0x00000370       0x70 ./firmware/GD32E23x_standard_peripheral/Source/gd32e23x_pmu.o
 .debug_ranges  0x000003e0      0x140 ./firmware/GD32E23x_standard_peripheral/Source/gd32e23x_rcu.o
 .debug_ranges  0x00000520      0x250 ./firmware/GD32E23x_standard_peripheral/Source/gd32e23x_timer.o
 .debug_ranges  0x00000770      0x258 ./firmware/GD32E23x_standard_peripheral/Source/gd32e23x_usart.o
 .debug_ranges  0x000009c8      0x158 ./firmware/GD32E23x_hal_peripheral/Source/gd32e23x_hal_adc.o
 .debug_ranges  0x00000b20       0x70 ./firmware/GD32E23x_hal_peripheral/Source/gd32e23x_hal_basetick.o
 .debug_ranges  0x00000b90       0xe8 ./firmware/GD32E23x_hal_peripheral/Source/gd32e23x_hal_fmc.o
 .debug_ranges  0x00000c78       0x78 ./firmware/GD32E23x_hal_peripheral/Source/gd32e23x_hal_gpio.o
 .debug_ranges  0x00000cf0       0x60 ./firmware/GD32E23x_hal_peripheral/Source/gd32e23x_hal_nvic.o
 .debug_ranges  0x00000d50       0x78 ./firmware/GD32E23x_hal_peripheral/Source/gd32e23x_hal_rcu.o
 .debug_ranges  0x00000dc8      0x340 ./firmware/GD32E23x_hal_peripheral/Source/gd32e23x_hal_timer.o
 .debug_ranges  0x00001108      0x150 ./firmware/GD32E23x_hal_peripheral/Source/gd32e23x_hal_uart.o

.debug_macro    0x00000000     0xc8bf
 .debug_macro   0x00000000      0x44a ./src/gd32e23x_hal_init.o
 .debug_macro   0x0000044a      0xa8a ./src/gd32e23x_hal_init.o
 .debug_macro   0x00000ed4       0x82 ./src/gd32e23x_hal_init.o
 .debug_macro   0x00000f56       0x22 ./src/gd32e23x_hal_init.o
 .debug_macro   0x00000f78       0x8e ./src/gd32e23x_hal_init.o
 .debug_macro   0x00001006       0x51 ./src/gd32e23x_hal_init.o
 .debug_macro   0x00001057       0xef ./src/gd32e23x_hal_init.o
 .debug_macro   0x00001146       0x6a ./src/gd32e23x_hal_init.o
 .debug_macro   0x000011b0      0x1df ./src/gd32e23x_hal_init.o
 .debug_macro   0x0000138f       0x1c ./src/gd32e23x_hal_init.o
 .debug_macro   0x000013ab       0x22 ./src/gd32e23x_hal_init.o
 .debug_macro   0x000013cd       0xb5 ./src/gd32e23x_hal_init.o
 .debug_macro   0x00001482      0x87d ./src/gd32e23x_hal_init.o
 .debug_macro   0x00001cff       0xf2 ./src/gd32e23x_hal_init.o
 .debug_macro   0x00001df1      0x41f ./src/gd32e23x_hal_init.o
 .debug_macro   0x00002210       0xac ./src/gd32e23x_hal_init.o
 .debug_macro   0x000022bc       0xa6 ./src/gd32e23x_hal_init.o
 .debug_macro   0x00002362      0x259 ./src/gd32e23x_hal_init.o
 .debug_macro   0x000025bb      0x3a6 ./src/gd32e23x_hal_init.o
 .debug_macro   0x00002961      0x243 ./src/gd32e23x_hal_init.o
 .debug_macro   0x00002ba4      0x6ce ./src/gd32e23x_hal_init.o
 .debug_macro   0x00003272      0x1f1 ./src/gd32e23x_hal_init.o
 .debug_macro   0x00003463      0x334 ./src/gd32e23x_hal_init.o
 .debug_macro   0x00003797       0xc4 ./src/gd32e23x_hal_init.o
 .debug_macro   0x0000385b      0x118 ./src/gd32e23x_hal_init.o
 .debug_macro   0x00003973      0x738 ./src/gd32e23x_hal_init.o
 .debug_macro   0x000040ab      0x790 ./src/gd32e23x_hal_init.o
 .debug_macro   0x0000483b      0x4c6 ./src/gd32e23x_hal_init.o
 .debug_macro   0x00004d01      0x9c3 ./src/gd32e23x_hal_init.o
 .debug_macro   0x000056c4      0x593 ./src/gd32e23x_hal_init.o
 .debug_macro   0x00005c57       0x64 ./src/gd32e23x_hal_init.o
 .debug_macro   0x00005cbb       0x52 ./src/gd32e23x_hal_init.o
 .debug_macro   0x00005d0d      0x107 ./src/gd32e23x_hal_init.o
 .debug_macro   0x00005e14       0x58 ./src/gd32e23x_hal_init.o
 .debug_macro   0x00005e6c       0x64 ./src/gd32e23x_hal_init.o
 .debug_macro   0x00005ed0       0x18 ./src/gd32e23x_hal_init.o
 .debug_macro   0x00005ee8       0x35 ./src/gd32e23x_hal_init.o
 .debug_macro   0x00005f1d       0x34 ./src/gd32e23x_hal_init.o
 .debug_macro   0x00005f51       0x16 ./src/gd32e23x_hal_init.o
 .debug_macro   0x00005f67       0x97 ./src/gd32e23x_hal_init.o
 .debug_macro   0x00005ffe      0x333 ./src/gd32e23x_hal_init.o
 .debug_macro   0x00006331       0xfd ./src/gd32e23x_hal_init.o
 .debug_macro   0x0000642e       0x58 ./src/gd32e23x_hal_init.o
 .debug_macro   0x00006486       0x1f ./src/gd32e23x_hal_init.o
 .debug_macro   0x000064a5       0x43 ./src/gd32e23x_hal_init.o
 .debug_macro   0x000064e8       0x20 ./src/gd32e23x_hal_init.o
 .debug_macro   0x00006508      0x18e ./src/gd32e23x_hal_init.o
 .debug_macro   0x00006696       0x10 ./src/gd32e23x_hal_init.o
 .debug_macro   0x000066a6       0x1c ./src/gd32e23x_hal_init.o
 .debug_macro   0x000066c2       0x52 ./src/gd32e23x_hal_init.o
 .debug_macro   0x00006714       0x40 ./src/gd32e23x_hal_init.o
 .debug_macro   0x00006754       0x10 ./src/gd32e23x_hal_init.o
 .debug_macro   0x00006764       0x40 ./src/gd32e23x_hal_init.o
 .debug_macro   0x000067a4       0xd7 ./src/gd32e23x_hal_init.o
 .debug_macro   0x0000687b       0x1c ./src/gd32e23x_hal_init.o
 .debug_macro   0x00006897       0x3d ./src/gd32e23x_hal_init.o
 .debug_macro   0x000068d4       0x16 ./src/gd32e23x_hal_init.o
 .debug_macro   0x000068ea      0x16f ./src/gd32e23x_hal_init.o
 .debug_macro   0x00006a59       0x1c ./src/gd32e23x_hal_init.o
 .debug_macro   0x00006a75       0x6a ./src/gd32e23x_hal_init.o
 .debug_macro   0x00006adf       0x66 ./src/gd32e23x_hal_init.o
 .debug_macro   0x00006b45       0x96 ./src/gd32e23x_hal_init.o
 .debug_macro   0x00006bdb       0x46 ./src/gd32e23x_hal_init.o
 .debug_macro   0x00006c21      0x122 ./src/gd32e23x_hal_init.o
 .debug_macro   0x00006d43       0x1c ./src/gd32e23x_hal_init.o
 .debug_macro   0x00006d5f       0x16 ./src/gd32e23x_hal_init.o
 .debug_macro   0x00006d75       0x16 ./src/gd32e23x_hal_init.o
 .debug_macro   0x00006d8b       0x35 ./src/gd32e23x_hal_init.o
 .debug_macro   0x00006dc0       0x16 ./src/gd32e23x_hal_init.o
 .debug_macro   0x00006dd6       0x16 ./src/gd32e23x_hal_init.o
 .debug_macro   0x00006dec       0x29 ./src/gd32e23x_hal_init.o
 .debug_macro   0x00006e15       0x76 ./src/gd32e23x_hal_init.o
 .debug_macro   0x00006e8b       0x4c ./src/gd32e23x_hal_init.o
 .debug_macro   0x00006ed7       0x70 ./src/gd32e23x_hal_init.o
 .debug_macro   0x00006f47       0xdc ./src/gd32e23x_hal_init.o
 .debug_macro   0x00007023       0xbf ./src/gd32e23x_hal_init.o
 .debug_macro   0x000070e2      0x1e6 ./src/gd32e23x_hal_init.o
 .debug_macro   0x000072c8       0x8e ./src/gd32e23x_hal_init.o
 .debug_macro   0x00007356       0xfe ./src/gd32e23x_hal_init.o
 .debug_macro   0x00007454       0x9a ./src/gd32e23x_hal_init.o
 .debug_macro   0x000074ee       0x22 ./src/gd32e23x_hal_init.o
 .debug_macro   0x00007510      0x130 ./src/gd32e23x_hal_init.o
 .debug_macro   0x00007640       0x5e ./src/gd32e23x_hal_init.o
 .debug_macro   0x0000769e       0x10 ./src/gd32e23x_hal_init.o
 .debug_macro   0x000076ae      0x44e ./src/gd32e23x_hal_it.o
 .debug_macro   0x00007afc       0x16 ./src/gd32e23x_hal_it.o
 .debug_macro   0x00007b12      0x450 ./src/main.o
 .debug_macro   0x00007f62      0x19d ./firmware/cmsis/src/system_gd32e23x.o
 .debug_macro   0x000080ff      0x177 ./firmware/GD32E23x_standard_peripheral/Source/gd32e23x_adc.o
 .debug_macro   0x00008276       0xa6 ./firmware/GD32E23x_standard_peripheral/Source/gd32e23x_adc.o
 .debug_macro   0x0000831c      0x189 ./firmware/GD32E23x_standard_peripheral/Source/gd32e23x_fmc.o
 .debug_macro   0x000084a5      0x23d ./firmware/GD32E23x_standard_peripheral/Source/gd32e23x_fmc.o
 .debug_macro   0x000086e2      0x177 ./firmware/GD32E23x_standard_peripheral/Source/gd32e23x_misc.o
 .debug_macro   0x00008859       0x4c ./firmware/GD32E23x_standard_peripheral/Source/gd32e23x_misc.o
 .debug_macro   0x000088a5      0x177 ./firmware/GD32E23x_standard_peripheral/Source/gd32e23x_pmu.o
 .debug_macro   0x00008a1c      0x112 ./firmware/GD32E23x_standard_peripheral/Source/gd32e23x_pmu.o
 .debug_macro   0x00008b2e      0x195 ./firmware/GD32E23x_standard_peripheral/Source/gd32e23x_rcu.o
 .debug_macro   0x00008cc3      0x732 ./firmware/GD32E23x_standard_peripheral/Source/gd32e23x_rcu.o
 .debug_macro   0x000093f5      0x189 ./firmware/GD32E23x_standard_peripheral/Source/gd32e23x_timer.o
 .debug_macro   0x0000957e      0x9bd ./firmware/GD32E23x_standard_peripheral/Source/gd32e23x_timer.o
 .debug_macro   0x00009f3b      0x177 ./firmware/GD32E23x_standard_peripheral/Source/gd32e23x_usart.o
 .debug_macro   0x0000a0b2      0x58d ./firmware/GD32E23x_standard_peripheral/Source/gd32e23x_usart.o
 .debug_macro   0x0000a63f      0x4a1 ./firmware/GD32E23x_hal_peripheral/Source/gd32e23x_hal_adc.o
 .debug_macro   0x0000aae0      0x43b ./firmware/GD32E23x_hal_peripheral/Source/gd32e23x_hal_basetick.o
 .debug_macro   0x0000af1b      0x43b ./firmware/GD32E23x_hal_peripheral/Source/gd32e23x_hal_fmc.o
 .debug_macro   0x0000b356      0x459 ./firmware/GD32E23x_hal_peripheral/Source/gd32e23x_hal_gpio.o
 .debug_macro   0x0000b7af      0x43b ./firmware/GD32E23x_hal_peripheral/Source/gd32e23x_hal_nvic.o
 .debug_macro   0x0000bbea      0x453 ./firmware/GD32E23x_hal_peripheral/Source/gd32e23x_hal_rcu.o
 .debug_macro   0x0000c03d      0x447 ./firmware/GD32E23x_hal_peripheral/Source/gd32e23x_hal_timer.o
 .debug_macro   0x0000c484      0x43b ./firmware/GD32E23x_hal_peripheral/Source/gd32e23x_hal_uart.o

.debug_line     0x00000000    0x11127
 .debug_line    0x00000000      0xb0f ./src/gd32e23x_hal_init.o
 .debug_line    0x00000b0f      0x9be ./src/gd32e23x_hal_it.o
 .debug_line    0x000014cd      0x969 ./src/main.o
 .debug_line    0x00001e36      0x678 ./firmware/cmsis/src/system_gd32e23x.o
 .debug_line    0x000024ae       0x92 ./firmware/cmsis/gcc_startup/startup_gd32e23x.o
 .debug_line    0x00002540      0xbe0 ./firmware/GD32E23x_standard_peripheral/Source/gd32e23x_adc.o
 .debug_line    0x00003120      0xa48 ./firmware/GD32E23x_standard_peripheral/Source/gd32e23x_fmc.o
 .debug_line    0x00003b68      0x70c ./firmware/GD32E23x_standard_peripheral/Source/gd32e23x_misc.o
 .debug_line    0x00004274      0x698 ./firmware/GD32E23x_standard_peripheral/Source/gd32e23x_pmu.o
 .debug_line    0x0000490c      0xcbd ./firmware/GD32E23x_standard_peripheral/Source/gd32e23x_rcu.o
 .debug_line    0x000055c9     0x138f ./firmware/GD32E23x_standard_peripheral/Source/gd32e23x_timer.o
 .debug_line    0x00006958      0xdaf ./firmware/GD32E23x_standard_peripheral/Source/gd32e23x_usart.o
 .debug_line    0x00007707     0x147c ./firmware/GD32E23x_hal_peripheral/Source/gd32e23x_hal_adc.o
 .debug_line    0x00008b83      0xba4 ./firmware/GD32E23x_hal_peripheral/Source/gd32e23x_hal_basetick.o
 .debug_line    0x00009727     0x1301 ./firmware/GD32E23x_hal_peripheral/Source/gd32e23x_hal_fmc.o
 .debug_line    0x0000aa28      0xc0d ./firmware/GD32E23x_hal_peripheral/Source/gd32e23x_hal_gpio.o
 .debug_line    0x0000b635      0xb2f ./firmware/GD32E23x_hal_peripheral/Source/gd32e23x_hal_nvic.o
 .debug_line    0x0000c164     0x117d ./firmware/GD32E23x_hal_peripheral/Source/gd32e23x_hal_rcu.o
 .debug_line    0x0000d2e1     0x280d ./firmware/GD32E23x_hal_peripheral/Source/gd32e23x_hal_timer.o
 .debug_line    0x0000faee     0x1639 ./firmware/GD32E23x_hal_peripheral/Source/gd32e23x_hal_uart.o

.debug_str      0x00000000    0x2c3ce
 .debug_str     0x00000000    0x258a1 ./src/gd32e23x_hal_init.o
                              0x25c1d (size before relaxing)
 .debug_str     0x000258a1       0x9a ./src/gd32e23x_hal_it.o
                              0x2443b (size before relaxing)
 .debug_str     0x0002593b      0x122 ./src/main.o
                              0x2460c (size before relaxing)
 .debug_str     0x00025a5d      0x158 ./firmware/cmsis/src/system_gd32e23x.o
                              0x1b4e7 (size before relaxing)
 .debug_str     0x00025bb5       0x3f ./firmware/cmsis/gcc_startup/startup_gd32e23x.o
                                 0x6b (size before relaxing)
 .debug_str     0x00025bf4      0x4f6 ./firmware/GD32E23x_standard_peripheral/Source/gd32e23x_adc.o
                              0x1b894 (size before relaxing)
 .debug_str     0x000260ea      0x29a ./firmware/GD32E23x_standard_peripheral/Source/gd32e23x_fmc.o
                              0x1b6a7 (size before relaxing)
 .debug_str     0x00026384      0x1be ./firmware/GD32E23x_standard_peripheral/Source/gd32e23x_misc.o
                              0x1b6c5 (size before relaxing)
 .debug_str     0x00026542      0x17a ./firmware/GD32E23x_standard_peripheral/Source/gd32e23x_pmu.o
                              0x1b5ab (size before relaxing)
 .debug_str     0x000266bc      0x977 ./firmware/GD32E23x_standard_peripheral/Source/gd32e23x_rcu.o
                              0x1bfb1 (size before relaxing)
 .debug_str     0x00027033      0xb30 ./firmware/GD32E23x_standard_peripheral/Source/gd32e23x_timer.o
                              0x1c07f (size before relaxing)
 .debug_str     0x00027b63      0xd10 ./firmware/GD32E23x_standard_peripheral/Source/gd32e23x_usart.o
                              0x1c169 (size before relaxing)
 .debug_str     0x00028873      0xc6f ./firmware/GD32E23x_hal_peripheral/Source/gd32e23x_hal_adc.o
                              0x24fd2 (size before relaxing)
 .debug_str     0x000294e2      0x232 ./firmware/GD32E23x_hal_peripheral/Source/gd32e23x_hal_basetick.o
                              0x2442c (size before relaxing)
 .debug_str     0x00029714      0x515 ./firmware/GD32E23x_hal_peripheral/Source/gd32e23x_hal_fmc.o
                              0x243d8 (size before relaxing)
 .debug_str     0x00029c29      0x272 ./firmware/GD32E23x_hal_peripheral/Source/gd32e23x_hal_gpio.o
                              0x240ba (size before relaxing)
 .debug_str     0x00029e9b       0xdf ./firmware/GD32E23x_hal_peripheral/Source/gd32e23x_hal_nvic.o
                              0x24046 (size before relaxing)
 .debug_str     0x00029f7a      0x438 ./firmware/GD32E23x_hal_peripheral/Source/gd32e23x_hal_rcu.o
                              0x251a9 (size before relaxing)
 .debug_str     0x0002a3b2     0x1a5f ./firmware/GD32E23x_hal_peripheral/Source/gd32e23x_hal_timer.o
                              0x25e03 (size before relaxing)
 .debug_str     0x0002be11      0x5bd ./firmware/GD32E23x_hal_peripheral/Source/gd32e23x_hal_uart.o
                              0x24bd6 (size before relaxing)

.comment        0x00000000       0x66
 .comment       0x00000000       0x66 ./src/gd32e23x_hal_init.o
                                 0x67 (size before relaxing)
 .comment       0x00000066       0x67 ./src/gd32e23x_hal_it.o
 .comment       0x00000066       0x67 ./src/main.o
 .comment       0x00000066       0x67 ./firmware/cmsis/src/system_gd32e23x.o
 .comment       0x00000066       0x67 ./firmware/GD32E23x_standard_peripheral/Source/gd32e23x_adc.o
 .comment       0x00000066       0x67 ./firmware/GD32E23x_standard_peripheral/Source/gd32e23x_fmc.o
 .comment       0x00000066       0x67 ./firmware/GD32E23x_standard_peripheral/Source/gd32e23x_misc.o
 .comment       0x00000066       0x67 ./firmware/GD32E23x_standard_peripheral/Source/gd32e23x_pmu.o
 .comment       0x00000066       0x67 ./firmware/GD32E23x_standard_peripheral/Source/gd32e23x_rcu.o
 .comment       0x00000066       0x67 ./firmware/GD32E23x_standard_peripheral/Source/gd32e23x_timer.o
 .comment       0x00000066       0x67 ./firmware/GD32E23x_standard_peripheral/Source/gd32e23x_usart.o
 .comment       0x00000066       0x67 ./firmware/GD32E23x_hal_peripheral/Source/gd32e23x_hal_adc.o
 .comment       0x00000066       0x67 ./firmware/GD32E23x_hal_peripheral/Source/gd32e23x_hal_basetick.o
 .comment       0x00000066       0x67 ./firmware/GD32E23x_hal_peripheral/Source/gd32e23x_hal_fmc.o
 .comment       0x00000066       0x67 ./firmware/GD32E23x_hal_peripheral/Source/gd32e23x_hal_gpio.o
 .comment       0x00000066       0x67 ./firmware/GD32E23x_hal_peripheral/Source/gd32e23x_hal_nvic.o
 .comment       0x00000066       0x67 ./firmware/GD32E23x_hal_peripheral/Source/gd32e23x_hal_rcu.o
 .comment       0x00000066       0x67 ./firmware/GD32E23x_hal_peripheral/Source/gd32e23x_hal_timer.o
 .comment       0x00000066       0x67 ./firmware/GD32E23x_hal_peripheral/Source/gd32e23x_hal_uart.o

.debug_frame    0x00000000     0x47f0
 .debug_frame   0x00000000      0x148 ./src/gd32e23x_hal_init.o
 .debug_frame   0x00000148       0xd4 ./src/gd32e23x_hal_it.o
 .debug_frame   0x0000021c       0x6c ./src/main.o
 .debug_frame   0x00000288       0x8c ./firmware/cmsis/src/system_gd32e23x.o
 .debug_frame   0x00000314      0x424 ./firmware/GD32E23x_standard_peripheral/Source/gd32e23x_adc.o
 .debug_frame   0x00000738      0x3f0 ./firmware/GD32E23x_standard_peripheral/Source/gd32e23x_fmc.o
 .debug_frame   0x00000b28      0x16c ./firmware/GD32E23x_standard_peripheral/Source/gd32e23x_misc.o
 .debug_frame   0x00000c94      0x1a0 ./firmware/GD32E23x_standard_peripheral/Source/gd32e23x_pmu.o
 .debug_frame   0x00000e34      0x4d8 ./firmware/GD32E23x_standard_peripheral/Source/gd32e23x_rcu.o
 .debug_frame   0x0000130c      0x930 ./firmware/GD32E23x_standard_peripheral/Source/gd32e23x_timer.o
 .debug_frame   0x00001c3c      0x950 ./firmware/GD32E23x_standard_peripheral/Source/gd32e23x_usart.o
 .debug_frame   0x0000258c      0x558 ./firmware/GD32E23x_hal_peripheral/Source/gd32e23x_hal_adc.o
 .debug_frame   0x00002ae4      0x1a0 ./firmware/GD32E23x_hal_peripheral/Source/gd32e23x_hal_basetick.o
 .debug_frame   0x00002c84      0x390 ./firmware/GD32E23x_hal_peripheral/Source/gd32e23x_hal_fmc.o
 .debug_frame   0x00003014      0x1d0 ./firmware/GD32E23x_hal_peripheral/Source/gd32e23x_hal_gpio.o
 .debug_frame   0x000031e4      0x16c ./firmware/GD32E23x_hal_peripheral/Source/gd32e23x_hal_nvic.o
 .debug_frame   0x00003350      0x1d0 ./firmware/GD32E23x_hal_peripheral/Source/gd32e23x_hal_rcu.o
 .debug_frame   0x00003520      0xd48 ./firmware/GD32E23x_hal_peripheral/Source/gd32e23x_hal_timer.o
 .debug_frame   0x00004268      0x55c ./firmware/GD32E23x_hal_peripheral/Source/gd32e23x_hal_uart.o
 .debug_frame   0x000047c4       0x2c d:/programs/embeddedbuilder_v1.3.9.22554/tools/gnu tools arm embedded/xpack-arm-none-eabi-gcc/9.2.1-1.1/bin/../lib/gcc/arm-none-eabi/9.2.1/../../../../arm-none-eabi/lib/thumb/v8-m.base/nofp\libg_nano.a(lib_a-init.o)
